/home/preecej/Development/git/PlantReactome/data-release-pipeline/orthoinference/src/main/java/org/reactome/orthoinference/InstanceUtilities.java
/home/preecej/Development/git/PlantReactome/data-release-pipeline/orthoinference/src/main/java/org/reactome/orthoinference/OrthologousPathwayDiagramGenerator.java
/home/preecej/Development/git/PlantReactome/data-release-pipeline/orthoinference/src/main/java/org/reactome/orthoinference/EWASInferrer.java
/home/preecej/Development/git/PlantReactome/data-release-pipeline/orthoinference/src/main/java/org/reactome/orthoinference/HumanEventsUpdater.java
/home/preecej/Development/git/PlantReactome/data-release-pipeline/orthoinference/src/main/java/org/reactome/orthoinference/OrthologousEntityGenerator.java
/home/preecej/Development/git/PlantReactome/data-release-pipeline/orthoinference/src/main/java/org/reactome/datafix/OrthologousEventsFix.java
/home/preecej/Development/git/PlantReactome/data-release-pipeline/orthoinference/src/main/java/org/reactome/orthoinference/ReactionInferrer.java
/home/preecej/Development/git/PlantReactome/data-release-pipeline/orthoinference/src/main/java/org/reactome/orthoinference/StableIdentifierGenerator.java
/home/preecej/Development/git/PlantReactome/data-release-pipeline/orthoinference/src/main/java/org/reactome/orthoinference/Main.java
/home/preecej/Development/git/PlantReactome/data-release-pipeline/orthoinference/src/main/java/org/reactome/datafix/CandidateSetsConvertedToDefinedSetsSpeciesFix.java
/home/preecej/Development/git/PlantReactome/data-release-pipeline/orthoinference/src/main/java/org/reactome/orthoinference/ProteinCountUtility.java
/home/preecej/Development/git/PlantReactome/data-release-pipeline/orthoinference/src/main/java/org/reactome/orthoinference/SkipInstanceChecker.java
/home/preecej/Development/git/PlantReactome/data-release-pipeline/orthoinference/src/main/java/org/reactome/orthoinference/SpeciesCheckUtility.java
/home/preecej/Development/git/PlantReactome/data-release-pipeline/orthoinference/src/main/java/org/reactome/orthoinference/EventsInferrer.java
